<p>hello .this is block content.
wow such. block
span no html render wow</p><div id="someid" class="wow">testing
 testing2</div><script>try{wow}catch{@2434ew}</script><p>.foo bar.</p><section><p>wow</p></section><script>class Wow {
  constructor () {
    super()
  }
}</script>
