<li><a href="wow">content</a></li><li><div class="foo">hello</div></li>
