<head><title>foo</title></head><body class="bar"></body>
