<p>const reshape = require('reshape')
const standard = require('reshape-standard')

const html = `doctype html
head
  title testing!
body
  p hello {{ name }}!
`

return await reshape(standard())
  .process(html)
  .then((res) =&gt; res.output({ name: 'world' }))</p>
